[firesafety.co.id/index.html]
[backblue.gif]
[fade.gif]
[index.html]
[firesafety.co.id/wp-content/uploads/2019/10/favicon-firesafety-PNG-150x150.png]
[firesafety.co.id/wp-content/cache/min/1/5ebe73b270e4a4b218eb56b07c6672a5.css]
[firesafety.co.id/wp-content/themes/astra/assets/fonts/astra.woff]
[firesafety.co.id/wp-content/uploads/2019/10/pemadam.jpg]
[firesafety.co.id/wp-content/uploads/2019/10/bg-firesafety.jpg]
[firesafety.co.id/wp-content/uploads/2019/10/fire.jpg]
[firesafety.co.id/wp-content/uploads/2019/10/refill-pemadam-kebakaran.jpg]
[firesafety.co.id/wp-content/uploads/2019/10/Alat-Safety.jpg]
[firesafety.co.id/wp-content/uploads/2019/10/Instalasi-pemadam-kebakaran.jpg]
[firesafety.co.id/wp-content/uploads/2019/10/Fire-Alarm-System.jpg]
[firesafety.co.id/wp-content/uploads/2019/10/Maintenance-Sistem-Pemadam-Kebakaran-Otomatis.jpg]
[firesafety.co.id/wp-content/plugins/wp-rocket/assets/img/youtube.png]
[firesafety.co.id/wp-includes/js/jquery/jquery.js]
[firesafety.co.id/wp-content/uploads/2019/10/favicon-firesafety-PNG-300x300.png]
[firesafety.co.id/wp-content/uploads/2019/10/logo-firesafety-jual-alat-pemadam-kebakaran-254x42.png]
[firesafety.co.id/wp-content/uploads/2019/10/apar-murah.jpg]
[firesafety.co.id/wp-content/uploads/2019/10/peralatan-apar.jpg]
[firesafety.co.id/wp-content/uploads/2019/10/Servoo.jpg]
[firesafety.co.id/wp-content/uploads/2019/10/Sumato.jpg]
[firesafety.co.id/wp-content/uploads/2019/10/Yamato.jpg]
[firesafety.co.id/wp-content/uploads/2019/10/amare.jpg]
[firesafety.co.id/wp-content/uploads/2019/10/Brady.jpg]
[firesafety.co.id/wp-content/uploads/2019/10/Saverex.jpg]
[firesafety.co.id/wp-content/uploads/2019/10/apar-powder-copy.png]
[firesafety.co.id/wp-content/uploads/2019/10/Apar-Foam-copy.png]
[firesafety.co.id/wp-content/uploads/2019/10/Apar-Air-copy.png]
[firesafety.co.id/wp-content/uploads/2019/10/Apar-Gas-copy.png]
[firesafety.co.id/wp-content/uploads/2019/10/Apar-CO2-copy.png]
[firesafety.co.id/wp-content/uploads/2019/10/apar-thermatic.png]
[firesafety.co.id/wp-content/plugins/wp-rocket/assets/js/lazyload/11.0.6/lazyload.min.js]
[firesafety.co.id/index.html]
[firesafety.co.id/wp-content/cache/min/1/7978f1ce5eb19d6eead4eeb4ada2130c.js]
[firesafety.co.id/wp-content/plugins/elementor/assets/lib/eicons/fonts/eiconsc2cd.woff2]
[firesafety.co.id/wp-content/plugins/elementor/assets/lib/eicons/fonts/eiconsc2cd.eot]
[firesafety.co.id/wp-content/plugins/elementor/assets/lib/eicons/fonts/eiconsc2cd.woff]
[firesafety.co.id/wp-content/plugins/elementor/assets/lib/eicons/fonts/eiconsc2cd.svg]
[firesafety.co.id/wp-content/plugins/elementor/assets/lib/eicons/fonts/eiconsc2cd.ttf]
[firesafety.co.id/wp-content/plugins/elementor/assets/lib/font-awesome/webfonts/fa-brands-400.eot]
[firesafety.co.id/wp-content/plugins/elementor/assets/lib/font-awesome/webfonts/fa-brands-400d41d.eot]
[firesafety.co.id/wp-content/plugins/elementor/assets/lib/font-awesome/webfonts/fa-brands-400.woff2]
[firesafety.co.id/wp-content/plugins/elementor/assets/lib/font-awesome/webfonts/fa-brands-400.woff]
[firesafety.co.id/wp-content/plugins/elementor/assets/lib/font-awesome/webfonts/fa-brands-400.ttf]
[firesafety.co.id/wp-content/plugins/elementor/assets/lib/font-awesome/webfonts/fa-regular-400.eot]
[firesafety.co.id/wp-content/plugins/elementor/assets/lib/font-awesome/webfonts/fa-regular-400d41d.eot]
[firesafety.co.id/wp-content/plugins/elementor/assets/lib/font-awesome/webfonts/fa-brands-400.svg]
[firesafety.co.id/wp-content/plugins/elementor/assets/lib/font-awesome/webfonts/fa-regular-400.woff2]
[firesafety.co.id/wp-content/plugins/elementor/assets/lib/font-awesome/webfonts/fa-regular-400.woff]
[firesafety.co.id/wp-content/plugins/elementor/assets/lib/font-awesome/webfonts/fa-regular-400.ttf]
[firesafety.co.id/wp-content/plugins/elementor/assets/lib/font-awesome/webfonts/fa-regular-400.svg]
[firesafety.co.id/wp-content/plugins/elementor/assets/lib/font-awesome/webfonts/fa-solid-900d41d.eot]
[firesafety.co.id/wp-content/plugins/elementor/assets/lib/font-awesome/webfonts/fa-solid-900.woff2]
[firesafety.co.id/wp-content/plugins/elementor/assets/lib/font-awesome/webfonts/fa-solid-900.eot]
[firesafety.co.id/wp-content/cache/min/1/5ebe73b270e4a4b218eb56b07c6672a5.css]
[firesafety.co.id/feed/index.html]
[firesafety.co.id/comments/feed/index.html]
[firesafety.co.id/apar/index.html]
[firesafety.co.id/apar/powder.html]
[firesafety.co.id/apar/gas.html]
[firesafety.co.id/apar/foam.html]
[firesafety.co.id/apar/co2.html]
[firesafety.co.id/apar/air.html]
[firesafety.co.id/apar/thermatic.html]
[firesafety.co.id/refill-apar.html]
[firesafety.co.id/alarm.html]
[firesafety.co.id/fire-hydrant/index.html]
[firesafety.co.id/fire-hydrant/hydrant-valve/index.html]
[firesafety.co.id/fire-hydrant/hydrant-pillar/index.html]
[firesafety.co.id/fire-hydrant/hydrant-box/index.html]
[firesafety.co.id/fire-sprinkler/index.html]
[firesafety.co.id/pasang-apar.html]
[firesafety.co.id/maintenance-apar.html]
[firesafety.co.id/alat-safety.html]
[firesafety.co.id/alat-safety/baju/index.html]
[firesafety.co.id/alat-safety/helm/index.html]
[firesafety.co.id/alat-safety/sepatu/index.html]
[firesafety.co.id/alat-safety/perahu/index.html]
[firesafety.co.id/alat-safety/rambu/index.html]
[firesafety.co.id/alat-safety/masker-respirator/index.html]
[firesafety.co.id/tentang.html]
[firesafety.co.id/kontak-kami.html]
[firesafety.co.id/blog/index.html]
[firesafety.co.id/jenis-kebakaran.html]
[firesafety.co.id/tentang-kami.html]
[firesafety.co.id/wp-content/plugins/elementor/assets/lib/eicons/fonts/eiconsc2cd.svg]
[firesafety.co.id/wp-content/plugins/elementor/assets/lib/font-awesome/webfonts/fa-brands-400.svg]
[firesafety.co.id/wp-content/plugins/elementor/assets/lib/font-awesome/webfonts/fa-regular-400.svg]
[firesafety.co.id/wp-content/plugins/elementor/assets/lib/font-awesome/webfonts/fa-solid-900.woff]
[firesafety.co.id/wp-content/plugins/elementor/assets/lib/font-awesome/webfonts/fa-solid-900.ttf]
[firesafety.co.id/wp-content/plugins/elementor/assets/lib/font-awesome/webfonts/fa-solid-900.svg]
[firesafety.co.id/wp-content/plugins/elementor/assets/lib/font-awesome/webfonts/fa-solid-900.svg]
